[09/Oct/2025 16:27:24] code 400, message Bad request version ("¯nãY»bhlÿ(=':©\x82ÙoÈ¢×\x93\x98´ï\x80å¹\x90\x00(À")
[09/Oct/2025 16:27:24] You're accessing the development server over HTTPS, but it only supports HTTP.
[09/Oct/2025 16:28:30] "GET /api/docs/ HTTP/1.0" 200 4651
[09/Oct/2025 16:28:30] "GET /api/schema/ HTTP/1.0" 200 29479
[09/Oct/2025 16:28:44] "GET /api/docs/ HTTP/1.0" 200 4651
Watching for file changes with StatReloader
Unauthorized: /api/auth/login
[09/Oct/2025 17:26:12] "POST /api/auth/login HTTP/1.0" 401 63
Internal Server Error: /api/auth/login
Traceback (most recent call last):
  File "/root/projects/veloma/venv/lib/python3.12/site-packages/django/core/handlers/exception.py", line 55, in inner
    response = get_response(request)
               ^^^^^^^^^^^^^^^^^^^^^
  File "/root/projects/veloma/venv/lib/python3.12/site-packages/django/core/handlers/base.py", line 197, in _get_response
    response = wrapped_callback(request, *callback_args, **callback_kwargs)
               ^^^^^^^^^^^^^^^^^^^^^^^^^^^^^^^^^^^^^^^^^^^^^^^^^^^^^^^^^^^^
  File "/root/projects/veloma/venv/lib/python3.12/site-packages/django/views/decorators/csrf.py", line 65, in _view_wrapper
    return view_func(request, *args, **kwargs)
           ^^^^^^^^^^^^^^^^^^^^^^^^^^^^^^^^^^^
  File "/root/projects/veloma/venv/lib/python3.12/site-packages/django/views/generic/base.py", line 104, in view
    return self.dispatch(request, *args, **kwargs)
           ^^^^^^^^^^^^^^^^^^^^^^^^^^^^^^^^^^^^^^^
  File "/root/projects/veloma/venv/lib/python3.12/site-packages/rest_framework/views.py", line 515, in dispatch
    response = self.handle_exception(exc)
               ^^^^^^^^^^^^^^^^^^^^^^^^^^
  File "/root/projects/veloma/venv/lib/python3.12/site-packages/rest_framework/views.py", line 475, in handle_exception
    self.raise_uncaught_exception(exc)
  File "/root/projects/veloma/venv/lib/python3.12/site-packages/rest_framework/views.py", line 486, in raise_uncaught_exception
    raise exc
  File "/root/projects/veloma/venv/lib/python3.12/site-packages/rest_framework/views.py", line 512, in dispatch
    response = handler(request, *args, **kwargs)
               ^^^^^^^^^^^^^^^^^^^^^^^^^^^^^^^^^
  File "/root/projects/veloma/venv/lib/python3.12/site-packages/rest_framework_simplejwt/views.py", line 46, in post
    serializer.is_valid(raise_exception=True)
  File "/root/projects/veloma/venv/lib/python3.12/site-packages/rest_framework/serializers.py", line 225, in is_valid
    self._validated_data = self.run_validation(self.initial_data)
                           ^^^^^^^^^^^^^^^^^^^^^^^^^^^^^^^^^^^^^^
  File "/root/projects/veloma/venv/lib/python3.12/site-packages/rest_framework/serializers.py", line 447, in run_validation
    value = self.validate(value)
            ^^^^^^^^^^^^^^^^^^^^
  File "/root/projects/veloma/authentication/token.py", line 14, in validate
    data["user"]["role"] = infer_role(self.user)
    ~~~~^^^^^^^^
KeyError: 'user'
[09/Oct/2025 17:27:04] "POST /api/auth/login HTTP/1.0" 500 112258
Not Found: /api/auth/forgot-password
[09/Oct/2025 17:28:03] "POST /api/auth/forgot-password HTTP/1.0" 404 4725
Internal Server Error: /api/auth/login
Traceback (most recent call last):
  File "/root/projects/veloma/venv/lib/python3.12/site-packages/django/core/handlers/exception.py", line 55, in inner
    response = get_response(request)
               ^^^^^^^^^^^^^^^^^^^^^
  File "/root/projects/veloma/venv/lib/python3.12/site-packages/django/core/handlers/base.py", line 197, in _get_response
    response = wrapped_callback(request, *callback_args, **callback_kwargs)
               ^^^^^^^^^^^^^^^^^^^^^^^^^^^^^^^^^^^^^^^^^^^^^^^^^^^^^^^^^^^^
  File "/root/projects/veloma/venv/lib/python3.12/site-packages/django/views/decorators/csrf.py", line 65, in _view_wrapper
    return view_func(request, *args, **kwargs)
           ^^^^^^^^^^^^^^^^^^^^^^^^^^^^^^^^^^^
  File "/root/projects/veloma/venv/lib/python3.12/site-packages/django/views/generic/base.py", line 104, in view
    return self.dispatch(request, *args, **kwargs)
           ^^^^^^^^^^^^^^^^^^^^^^^^^^^^^^^^^^^^^^^
  File "/root/projects/veloma/venv/lib/python3.12/site-packages/rest_framework/views.py", line 515, in dispatch
    response = self.handle_exception(exc)
               ^^^^^^^^^^^^^^^^^^^^^^^^^^
  File "/root/projects/veloma/venv/lib/python3.12/site-packages/rest_framework/views.py", line 475, in handle_exception
    self.raise_uncaught_exception(exc)
  File "/root/projects/veloma/venv/lib/python3.12/site-packages/rest_framework/views.py", line 486, in raise_uncaught_exception
    raise exc
  File "/root/projects/veloma/venv/lib/python3.12/site-packages/rest_framework/views.py", line 512, in dispatch
    response = handler(request, *args, **kwargs)
               ^^^^^^^^^^^^^^^^^^^^^^^^^^^^^^^^^
  File "/root/projects/veloma/venv/lib/python3.12/site-packages/rest_framework_simplejwt/views.py", line 46, in post
    serializer.is_valid(raise_exception=True)
  File "/root/projects/veloma/venv/lib/python3.12/site-packages/rest_framework/serializers.py", line 225, in is_valid
    self._validated_data = self.run_validation(self.initial_data)
                           ^^^^^^^^^^^^^^^^^^^^^^^^^^^^^^^^^^^^^^
  File "/root/projects/veloma/venv/lib/python3.12/site-packages/rest_framework/serializers.py", line 447, in run_validation
    value = self.validate(value)
            ^^^^^^^^^^^^^^^^^^^^
  File "/root/projects/veloma/authentication/token.py", line 14, in validate
    data["user"]["role"] = infer_role(self.user)
    ~~~~^^^^^^^^
KeyError: 'user'
[09/Oct/2025 17:28:41] "POST /api/auth/login HTTP/1.0" 500 112257
[09/Oct/2025 17:28:50] "GET /api/docs/ HTTP/1.0" 200 4651
[09/Oct/2025 17:28:51] "GET /api/schema/ HTTP/1.0" 200 29479
Method Not Allowed: /api/auth/login
[09/Oct/2025 17:28:56] "GET /api/auth/login HTTP/1.0" 405 7651
Internal Server Error: /api/auth/login
Traceback (most recent call last):
  File "/root/projects/veloma/venv/lib/python3.12/site-packages/django/core/handlers/exception.py", line 55, in inner
    response = get_response(request)
               ^^^^^^^^^^^^^^^^^^^^^
  File "/root/projects/veloma/venv/lib/python3.12/site-packages/django/core/handlers/base.py", line 197, in _get_response
    response = wrapped_callback(request, *callback_args, **callback_kwargs)
               ^^^^^^^^^^^^^^^^^^^^^^^^^^^^^^^^^^^^^^^^^^^^^^^^^^^^^^^^^^^^
  File "/root/projects/veloma/venv/lib/python3.12/site-packages/django/views/decorators/csrf.py", line 65, in _view_wrapper
    return view_func(request, *args, **kwargs)
           ^^^^^^^^^^^^^^^^^^^^^^^^^^^^^^^^^^^
  File "/root/projects/veloma/venv/lib/python3.12/site-packages/django/views/generic/base.py", line 104, in view
    return self.dispatch(request, *args, **kwargs)
           ^^^^^^^^^^^^^^^^^^^^^^^^^^^^^^^^^^^^^^^
  File "/root/projects/veloma/venv/lib/python3.12/site-packages/rest_framework/views.py", line 515, in dispatch
    response = self.handle_exception(exc)
               ^^^^^^^^^^^^^^^^^^^^^^^^^^
  File "/root/projects/veloma/venv/lib/python3.12/site-packages/rest_framework/views.py", line 475, in handle_exception
    self.raise_uncaught_exception(exc)
  File "/root/projects/veloma/venv/lib/python3.12/site-packages/rest_framework/views.py", line 486, in raise_uncaught_exception
    raise exc
  File "/root/projects/veloma/venv/lib/python3.12/site-packages/rest_framework/views.py", line 512, in dispatch
    response = handler(request, *args, **kwargs)
               ^^^^^^^^^^^^^^^^^^^^^^^^^^^^^^^^^
  File "/root/projects/veloma/venv/lib/python3.12/site-packages/rest_framework_simplejwt/views.py", line 46, in post
    serializer.is_valid(raise_exception=True)
  File "/root/projects/veloma/venv/lib/python3.12/site-packages/rest_framework/serializers.py", line 225, in is_valid
    self._validated_data = self.run_validation(self.initial_data)
                           ^^^^^^^^^^^^^^^^^^^^^^^^^^^^^^^^^^^^^^
  File "/root/projects/veloma/venv/lib/python3.12/site-packages/rest_framework/serializers.py", line 447, in run_validation
    value = self.validate(value)
            ^^^^^^^^^^^^^^^^^^^^
  File "/root/projects/veloma/authentication/token.py", line 14, in validate
    data["user"]["role"] = infer_role(self.user)
    ~~~~^^^^^^^^
KeyError: 'user'
[09/Oct/2025 17:29:49] "POST /api/auth/login HTTP/1.0" 500 112800
/root/projects/veloma/authentication/token.py changed, reloading.
Performing system checks...

System check identified no issues (0 silenced).
October 09, 2025 - 17:06:58
Django version 5.0.14, using settings 'core.settings'
Starting development server at http://0.0.0.0:7000/
Quit the server with CONTROL-C.

Watching for file changes with StatReloader
Method Not Allowed: /api/auth/login
[09/Oct/2025 17:32:55] "GET /api/auth/login HTTP/1.0" 405 7651
Invalid HTTP_HOST header: '185.44.65.171:7000'. You may need to add '185.44.65.171' to ALLOWED_HOSTS.
Traceback (most recent call last):
  File "/root/projects/veloma/venv/lib/python3.12/site-packages/django/core/handlers/exception.py", line 55, in inner
    response = get_response(request)
               ^^^^^^^^^^^^^^^^^^^^^
  File "/root/projects/veloma/venv/lib/python3.12/site-packages/django/utils/deprecation.py", line 133, in __call__
    response = self.process_request(request)
               ^^^^^^^^^^^^^^^^^^^^^^^^^^^^^
  File "/root/projects/veloma/venv/lib/python3.12/site-packages/django/middleware/common.py", line 48, in process_request
    host = request.get_host()
           ^^^^^^^^^^^^^^^^^^
  File "/root/projects/veloma/venv/lib/python3.12/site-packages/django/http/request.py", line 151, in get_host
    raise DisallowedHost(msg)
django.core.exceptions.DisallowedHost: Invalid HTTP_HOST header: '185.44.65.171:7000'. You may need to add '185.44.65.171' to ALLOWED_HOSTS.
Bad Request: /
[09/Oct/2025 17:33:08] "GET / HTTP/1.1" 400 70309
[09/Oct/2025 17:33:10] "POST /api/auth/login HTTP/1.0" 200 8575
[09/Oct/2025 17:33:27] "POST /api/auth/login HTTP/1.0" 200 703
Not Found: /api/auth/terms
[09/Oct/2025 17:33:27] "GET /api/auth/terms HTTP/1.0" 404 4694
Not Found: /api/auth/terms
[09/Oct/2025 17:33:27] "GET /api/auth/terms HTTP/1.0" 404 4694
Invalid HTTP_HOST header: '185.44.65.171:7000'. You may need to add '185.44.65.171' to ALLOWED_HOSTS.
Traceback (most recent call last):
  File "/root/projects/veloma/venv/lib/python3.12/site-packages/django/core/handlers/exception.py", line 55, in inner
    response = get_response(request)
               ^^^^^^^^^^^^^^^^^^^^^
  File "/root/projects/veloma/venv/lib/python3.12/site-packages/django/utils/deprecation.py", line 133, in __call__
    response = self.process_request(request)
               ^^^^^^^^^^^^^^^^^^^^^^^^^^^^^
  File "/root/projects/veloma/venv/lib/python3.12/site-packages/django/middleware/common.py", line 48, in process_request
    host = request.get_host()
           ^^^^^^^^^^^^^^^^^^
  File "/root/projects/veloma/venv/lib/python3.12/site-packages/django/http/request.py", line 151, in get_host
    raise DisallowedHost(msg)
django.core.exceptions.DisallowedHost: Invalid HTTP_HOST header: '185.44.65.171:7000'. You may need to add '185.44.65.171' to ALLOWED_HOSTS.
Bad Request: /
[09/Oct/2025 17:35:43] "GET / HTTP/1.1" 400 70309
/root/projects/veloma/authentication/token.py changed, reloading.
Performing system checks...

System check identified no issues (0 silenced).
October 09, 2025 - 17:32:53
Django version 5.0.14, using settings 'core.settings'
Starting development server at http://0.0.0.0:7000/
Quit the server with CONTROL-C.

Watching for file changes with StatReloader
Method Not Allowed: /api/auth/login
[09/Oct/2025 17:36:36] "GET /api/auth/login HTTP/1.0" 405 7651
Method Not Allowed: /api/auth/register
[09/Oct/2025 17:36:41] "GET /api/auth/register HTTP/1.0" 405 8718
[09/Oct/2025 17:38:38] code 400, message Bad HTTP/0.9 request type ("\x16\x03\x01\x00{\x01\x00\x00w\x03\x03G+\x94ÕZ\x17q?vÏ\x16ýÎ?TC\x98'\x83c¥\x80\x19\x11\x05YK\x0f?\x0fä-\x00\x00\x1aÀ/À+À\x11À\x07À\x13À")
[09/Oct/2025 17:38:38] You're accessing the development server over HTTPS, but it only supports HTTP.
[09/Oct/2025 17:42:25] "POST /api/auth/login HTTP/1.0" 200 703
Not Found: /api/auth/terms
[09/Oct/2025 17:42:26] "GET /api/auth/terms HTTP/1.0" 404 4694
Not Found: /api/auth/terms
[09/Oct/2025 17:42:26] "GET /api/auth/terms HTTP/1.0" 404 4694
Bad Request: /api/auth/register
[09/Oct/2025 17:43:26] "POST /api/auth/register HTTP/1.0" 400 232
Unauthorized: /api/auth/login
[09/Oct/2025 17:43:45] "POST /api/auth/login HTTP/1.0" 401 63
[09/Oct/2025 17:44:22] "GET / HTTP/1.0" 200 734
[09/Oct/2025 17:44:22] "GET /api/schema/ HTTP/1.0" 200 13686
Not Found: /favicon.ico
[09/Oct/2025 17:44:23] "GET /favicon.ico HTTP/1.0" 404 2864
Method Not Allowed: /api/auth/register
[09/Oct/2025 17:44:59] "GET /api/auth/register HTTP/1.0" 405 8718
[09/Oct/2025 17:45:00] "GET /static/rest_framework/css/prettify.css HTTP/1.0" 200 817
[09/Oct/2025 17:45:00] "GET /static/rest_framework/js/csrf.js HTTP/1.0" 200 1793
[09/Oct/2025 17:45:00] "GET /static/rest_framework/js/default.js HTTP/1.0" 200 1268
[09/Oct/2025 17:45:00] "GET /static/rest_framework/js/load-ajax-form.js HTTP/1.0" 200 59
[09/Oct/2025 17:45:00] "GET /static/rest_framework/css/bootstrap-tweaks.css HTTP/1.0" 200 3426
[09/Oct/2025 17:45:00] "GET /static/rest_framework/js/prettify-min.js HTTP/1.0" 200 13632
[09/Oct/2025 17:45:00] "GET /static/rest_framework/js/ajax-form.js HTTP/1.0" 200 3796
[09/Oct/2025 17:45:00] "GET /static/rest_framework/js/bootstrap.min.js HTTP/1.0" 200 39680
[09/Oct/2025 17:45:00] "GET /static/rest_framework/js/jquery-3.7.1.min.js HTTP/1.0" 200 87533
[09/Oct/2025 17:45:00] "GET /static/rest_framework/css/bootstrap.min.css HTTP/1.0" 200 121457
[09/Oct/2025 17:45:00] "GET /static/rest_framework/css/default.css HTTP/1.0" 200 1152
[09/Oct/2025 17:45:01] "GET /static/rest_framework/img/grid.png HTTP/1.0" 200 1458
Bad Request: /api/auth/register
[09/Oct/2025 17:45:44] "POST /api/auth/register HTTP/1.0" 400 9122
[09/Oct/2025 17:45:56] "POST /api/auth/register HTTP/1.0" 201 9526
[09/Oct/2025 17:46:28] "GET /admin HTTP/1.0" 301 0
[09/Oct/2025 17:46:28] "GET /admin/ HTTP/1.0" 302 0
[09/Oct/2025 17:46:28] "GET /admin/login/?next=/admin/ HTTP/1.0" 200 4158
[09/Oct/2025 17:46:28] "GET /static/admin/css/nav_sidebar.css HTTP/1.0" 200 2810
[09/Oct/2025 17:46:28] "GET /static/admin/css/dark_mode.css HTTP/1.0" 200 2682
[09/Oct/2025 17:46:28] "GET /static/admin/css/login.css HTTP/1.0" 200 958
[09/Oct/2025 17:46:28] "GET /static/admin/css/base.css HTTP/1.0" 200 21544
[09/Oct/2025 17:46:28] "GET /static/admin/js/nav_sidebar.js HTTP/1.0" 200 3063
[09/Oct/2025 17:46:28] "GET /static/admin/js/theme.js HTTP/1.0" 200 1943
[09/Oct/2025 17:46:28] "GET /static/admin/css/responsive.css HTTP/1.0" 200 17905
[09/Oct/2025 17:46:51] "POST /api/auth/login HTTP/1.0" 200 683
Not Found: /api/auth/terms
[09/Oct/2025 17:46:51] "GET /api/auth/terms HTTP/1.0" 404 4694
Not Found: /api/auth/terms
[09/Oct/2025 17:46:51] "GET /api/auth/terms HTTP/1.0" 404 4694
[09/Oct/2025 17:52:24] "GET /admin HTTP/1.0" 301 0
[09/Oct/2025 17:52:24] "GET /admin/ HTTP/1.0" 302 0
[09/Oct/2025 17:52:24] "GET /admin/login/?next=/admin/ HTTP/1.0" 200 4158
[09/Oct/2025 17:52:25] "GET /static/admin/css/dark_mode.css HTTP/1.0" 200 2682
[09/Oct/2025 17:52:25] "GET /static/admin/css/login.css HTTP/1.0" 200 958
[09/Oct/2025 17:52:25] "GET /static/admin/css/nav_sidebar.css HTTP/1.0" 200 2810
[09/Oct/2025 17:52:25] "GET /static/admin/css/responsive.css HTTP/1.0" 200 17905
[09/Oct/2025 17:52:25] "GET /static/admin/css/base.css HTTP/1.0" 200 21544
[09/Oct/2025 17:52:25] "GET /static/admin/js/nav_sidebar.js HTTP/1.0" 200 3063
[09/Oct/2025 17:52:25] "GET /static/admin/js/theme.js HTTP/1.0" 200 1943
Forbidden (Origin checking failed - https://api.alvelos.com does not match any trusted origins.): /admin/login/
[09/Oct/2025 17:52:31] "POST /admin/login/?next=/admin/ HTTP/1.0" 403 2570
[09/Oct/2025 17:52:35] "GET /admin/ HTTP/1.0" 302 0
[09/Oct/2025 17:52:35] "GET /admin/login/?next=/admin/ HTTP/1.0" 200 4158
Forbidden (Origin checking failed - https://api.alvelos.com does not match any trusted origins.): /admin/login/
[09/Oct/2025 17:52:41] "POST /admin/login/?next=/admin/ HTTP/1.0" 403 2570
Performing system checks...

System check identified no issues (0 silenced).
October 09, 2025 - 17:35:45
Django version 5.0.14, using settings 'core.settings'
Starting development server at http://0.0.0.0:7000/
Quit the server with CONTROL-C.

Watching for file changes with StatReloader
/root/projects/veloma/core/settings.py changed, reloading.
Performing system checks...

System check identified no issues (0 silenced).
October 09, 2025 - 17:54:04
Django version 5.0.14, using settings 'core.settings'
Starting development server at http://0.0.0.0:7000/
Quit the server with CONTROL-C.

Watching for file changes with StatReloader
/root/projects/veloma/core/settings.py changed, reloading.
Performing system checks...

System check identified no issues (0 silenced).
October 09, 2025 - 17:58:42
Django version 5.0.14, using settings 'core.settings'
Starting development server at http://0.0.0.0:7000/
Quit the server with CONTROL-C.

Watching for file changes with StatReloader
Watching for file changes with StatReloader
/root/projects/veloma/core/settings.py changed, reloading.
Performing system checks...

System check identified no issues (0 silenced).
October 09, 2025 - 17:59:06
Django version 5.0.14, using settings 'core.settings'
Starting development server at http://0.0.0.0:7000/
Quit the server with CONTROL-C.

Watching for file changes with StatReloader
[09/Oct/2025 17:59:35] "GET /admin/login/?next=/admin/ HTTP/1.0" 200 4158
Forbidden (Origin checking failed - https://api.alvelos.com does not match any trusted origins.): /admin/login/
[09/Oct/2025 17:59:40] "POST /admin/login/?next=/admin/ HTTP/1.0" 403 2570
/root/projects/veloma/core/settings.py changed, reloading.
Performing system checks...

System check identified no issues (0 silenced).
October 09, 2025 - 17:59:30
Django version 5.0.14, using settings 'core.settings'
Starting development server at http://0.0.0.0:7000/
Quit the server with CONTROL-C.

Watching for file changes with StatReloader
[09/Oct/2025 18:04:48] "GET /admin/login/?next=/admin/ HTTP/1.0" 200 4158
[09/Oct/2025 18:04:54] "POST /admin/login/?next=/admin/ HTTP/1.0" 302 0
[09/Oct/2025 18:04:55] "GET /admin/ HTTP/1.0" 200 9526
[09/Oct/2025 18:04:55] "GET /static/admin/css/dashboard.css HTTP/1.0" 200 441
[09/Oct/2025 18:04:55] "GET /static/admin/img/icon-addlink.svg HTTP/1.0" 200 331
[09/Oct/2025 18:04:55] "GET /static/admin/img/icon-changelink.svg HTTP/1.0" 200 380
[09/Oct/2025 18:04:59] "GET /admin/auth/user/ HTTP/1.0" 200 14969
[09/Oct/2025 18:04:59] "GET /admin/jsi18n/ HTTP/1.0" 200 3342
[09/Oct/2025 18:05:00] "GET /static/admin/css/changelists.css HTTP/1.0" 200 6811
[09/Oct/2025 18:05:00] "GET /static/admin/js/actions.js HTTP/1.0" 200 8067
[09/Oct/2025 18:05:00] "GET /static/admin/img/icon-no.svg HTTP/1.0" 200 560
[09/Oct/2025 18:05:00] "GET /static/admin/js/jquery.init.js HTTP/1.0" 200 347
[09/Oct/2025 18:05:00] "GET /static/admin/js/urlify.js HTTP/1.0" 200 7887
[09/Oct/2025 18:05:00] "GET /static/admin/js/core.js HTTP/1.0" 200 6208
[09/Oct/2025 18:05:00] "GET /static/admin/js/admin/RelatedObjectLookups.js HTTP/1.0" 200 9042
[09/Oct/2025 18:05:00] "GET /static/admin/img/search.svg HTTP/1.0" 200 458
[09/Oct/2025 18:05:00] "GET /static/admin/js/prepopulate.js HTTP/1.0" 200 1531
[09/Oct/2025 18:05:00] "GET /static/admin/js/vendor/jquery/jquery.js HTTP/1.0" 200 285314
[09/Oct/2025 18:05:00] "GET /static/admin/js/vendor/xregexp/xregexp.js HTTP/1.0" 200 325171
[09/Oct/2025 18:05:00] "GET /static/admin/img/icon-yes.svg HTTP/1.0" 200 436
[09/Oct/2025 18:05:00] "GET /static/admin/js/filters.js HTTP/1.0" 200 978
[09/Oct/2025 18:05:00] "GET /static/admin/img/tooltag-add.svg HTTP/1.0" 200 331
[09/Oct/2025 18:05:00] "GET /static/admin/img/sorting-icons.svg HTTP/1.0" 200 1097
[09/Oct/2025 18:05:00] "GET /static/admin/img/icon-viewlink.svg HTTP/1.0" 200 581
Not Found: /reset-password/6ae3d810-6839-4f7f-a405-27bc0a17ef82
[09/Oct/2025 18:05:09] "GET /reset-password/6ae3d810-6839-4f7f-a405-27bc0a17ef82 HTTP/1.0" 404 2985
Not Found: /favicon.ico
[09/Oct/2025 18:05:09] "GET /favicon.ico HTTP/1.0" 404 2865
[09/Oct/2025 18:05:13] "GET /admin/auth/user/2/change/ HTTP/1.0" 200 27616
[09/Oct/2025 18:05:13] "GET /admin/jsi18n/ HTTP/1.0" 200 3342
[09/Oct/2025 18:05:13] "GET /static/admin/css/forms.css HTTP/1.0" 200 9090
[09/Oct/2025 18:05:13] "GET /static/admin/js/SelectBox.js HTTP/1.0" 200 4530
[09/Oct/2025 18:05:13] "GET /static/admin/js/calendar.js HTTP/1.0" 200 9141
[09/Oct/2025 18:05:13] "GET /static/admin/js/prepopulate_init.js HTTP/1.0" 200 586
[09/Oct/2025 18:05:13] "GET /static/admin/js/SelectFilter2.js HTTP/1.0" 200 15492
[09/Oct/2025 18:05:14] "GET /static/admin/css/widgets.css HTTP/1.0" 200 11800
[09/Oct/2025 18:05:14] "GET /static/admin/js/change_form.js HTTP/1.0" 200 606
[09/Oct/2025 18:05:14] "GET /static/admin/js/admin/DateTimeShortcuts.js HTTP/1.0" 200 19319
[09/Oct/2025 18:05:15] "GET /static/admin/img/icon-unknown-alt.svg HTTP/1.0" 200 655
[09/Oct/2025 18:05:15] "GET /static/admin/img/icon-clock.svg HTTP/1.0" 200 677
[09/Oct/2025 18:05:15] "GET /static/admin/img/selector-icons.svg HTTP/1.0" 200 3291
[09/Oct/2025 18:05:15] "GET /static/admin/img/icon-unknown.svg HTTP/1.0" 200 655
[09/Oct/2025 18:05:16] "GET /static/admin/img/icon-calendar.svg HTTP/1.0" 200 1086
[09/Oct/2025 18:05:27] "GET /admin/auth/ HTTP/1.0" 200 5568
[09/Oct/2025 18:05:29] "GET /admin/auth/user/ HTTP/1.0" 200 14969
[09/Oct/2025 18:05:29] "GET /admin/jsi18n/ HTTP/1.0" 200 3342
[09/Oct/2025 18:07:44] "GET /admin/auth/user/ HTTP/1.0" 200 14969
[09/Oct/2025 18:07:44] "GET /admin/jsi18n/ HTTP/1.0" 200 3342
[09/Oct/2025 18:07:44] "GET /static/admin/css/base.css HTTP/1.0" 200 21544
[09/Oct/2025 18:07:44] "GET /static/admin/css/nav_sidebar.css HTTP/1.0" 200 2810
[09/Oct/2025 18:07:44] "GET /static/admin/css/changelists.css HTTP/1.0" 200 6811
[09/Oct/2025 18:07:44] "GET /static/admin/css/dark_mode.css HTTP/1.0" 200 2682
[09/Oct/2025 18:07:44] "GET /static/admin/js/urlify.js HTTP/1.0" 200 7887
[09/Oct/2025 18:07:44] "GET /static/admin/css/responsive.css HTTP/1.0" 200 17905
[09/Oct/2025 18:07:44] "GET /static/admin/js/jquery.init.js HTTP/1.0" 200 347
[09/Oct/2025 18:07:44] "GET /static/admin/img/icon-no.svg HTTP/1.0" 200 560
[09/Oct/2025 18:07:44] "GET /static/admin/js/prepopulate.js HTTP/1.0" 200 1531
[09/Oct/2025 18:07:44] "GET /static/admin/img/search.svg HTTP/1.0" 200 458
[09/Oct/2025 18:07:44] "GET /static/admin/js/admin/RelatedObjectLookups.js HTTP/1.0" 200 9042
[09/Oct/2025 18:07:44] "GET /static/admin/js/core.js HTTP/1.0" 200 6208
[09/Oct/2025 18:07:44] "GET /static/admin/js/actions.js HTTP/1.0" 200 8067
[09/Oct/2025 18:07:44] "GET /static/admin/js/vendor/jquery/jquery.js HTTP/1.0" 200 285314
[09/Oct/2025 18:07:44] "GET /static/admin/js/vendor/xregexp/xregexp.js HTTP/1.0" 200 325171
[09/Oct/2025 18:07:44] "GET /static/admin/img/icon-yes.svg HTTP/1.0" 200 436
[09/Oct/2025 18:07:45] "GET /static/admin/js/nav_sidebar.js HTTP/1.0" 200 3063
[09/Oct/2025 18:07:45] "GET /static/admin/js/filters.js HTTP/1.0" 200 978
[09/Oct/2025 18:07:45] "GET /static/admin/img/icon-addlink.svg HTTP/1.0" 200 331
[09/Oct/2025 18:07:45] "GET /static/admin/img/sorting-icons.svg HTTP/1.0" 200 1097
[09/Oct/2025 18:07:45] "GET /static/admin/img/tooltag-add.svg HTTP/1.0" 200 331
[09/Oct/2025 18:07:45] "GET /static/admin/img/icon-viewlink.svg HTTP/1.0" 200 581
[09/Oct/2025 18:07:45] "GET /static/admin/js/theme.js HTTP/1.0" 200 1943
Not Found: /favicon.ico
[09/Oct/2025 18:07:46] "GET /favicon.ico HTTP/1.0" 404 2865
[09/Oct/2025 18:10:26] "GET /admin/auth/user/2/change/ HTTP/1.0" 200 27616
[09/Oct/2025 18:10:27] "GET /admin/jsi18n/ HTTP/1.0" 200 3342
[09/Oct/2025 18:10:34] "POST /admin/auth/user/2/change/ HTTP/1.0" 302 0
[09/Oct/2025 18:10:34] "GET /admin/auth/user/ HTTP/1.0" 200 15166
[09/Oct/2025 18:10:35] "GET /admin/jsi18n/ HTTP/1.0" 200 3342
[09/Oct/2025 18:15:23] "GET /admin/auth/user/ HTTP/1.0" 200 14969
[09/Oct/2025 18:15:23] "GET /admin/jsi18n/ HTTP/1.0" 200 3342
[09/Oct/2025 18:15:33] "OPTIONS /api/auth/register/ HTTP/1.0" 200 0
[09/Oct/2025 18:16:35] "GET /api/docs/ HTTP/1.0" 200 4651
[09/Oct/2025 18:16:36] "GET /api/schema/ HTTP/1.0" 200 29479
[09/Oct/2025 18:16:49] "OPTIONS /api/auth/register/ HTTP/1.0" 200 0
[09/Oct/2025 18:16:54] "POST /api/auth/register HTTP/1.0" 201 617
Not Found: /api/auth/register/
[09/Oct/2025 18:18:29] "POST /api/auth/register/ HTTP/1.0" 404 4708
[09/Oct/2025 18:19:04] "GET /admin/auth/user/ HTTP/1.0" 200 15436
[09/Oct/2025 18:19:04] "GET /admin/jsi18n/ HTTP/1.0" 200 3342
[09/Oct/2025 18:19:15] "POST /admin/auth/user/ HTTP/1.0" 200 10064
[09/Oct/2025 18:19:15] "GET /static/admin/js/cancel.js HTTP/1.0" 200 884
[09/Oct/2025 18:19:17] "POST /admin/auth/user/ HTTP/1.0" 302 0
[09/Oct/2025 18:19:17] "GET /admin/auth/user/ HTTP/1.0" 200 15103
[09/Oct/2025 18:19:17] "GET /admin/jsi18n/ HTTP/1.0" 200 3342
[09/Oct/2025 18:19:42] "POST /api/auth/register HTTP/1.0" 201 617
[09/Oct/2025 18:19:56] "GET / HTTP/1.0" 200 734
[09/Oct/2025 18:21:39] "GET /admin/auth/user/ HTTP/1.0" 200 15436
[09/Oct/2025 18:21:39] "GET /admin/jsi18n/ HTTP/1.0" 200 3342
[09/Oct/2025 18:21:45] "POST /admin/auth/user/ HTTP/1.0" 200 10064
[09/Oct/2025 18:21:47] "POST /admin/auth/user/ HTTP/1.0" 302 0
[09/Oct/2025 18:21:47] "GET /admin/auth/user/ HTTP/1.0" 200 15103
[09/Oct/2025 18:21:47] "GET /admin/jsi18n/ HTTP/1.0" 200 3342
[09/Oct/2025 18:23:54] "OPTIONS /api/auth/register HTTP/1.0" 200 0
[09/Oct/2025 18:25:28] "OPTIONS /api/auth/register/ HTTP/1.0" 200 0
[09/Oct/2025 18:25:48] "OPTIONS /api/auth/register/ HTTP/1.0" 200 0
[09/Oct/2025 18:31:04] "GET / HTTP/1.0" 200 734
[09/Oct/2025 18:36:58] "OPTIONS /api/auth/register HTTP/1.0" 200 0
[09/Oct/2025 18:39:35] "POST /api/auth/register HTTP/1.0" 201 636
Bad Request: /api/auth/login
[09/Oct/2025 18:48:04] "POST /api/auth/login HTTP/1.0" 400 40
[09/Oct/2025 18:49:57] "GET /api/docs/ HTTP/1.0" 200 4651
[09/Oct/2025 18:50:01] "GET /api/docs/ HTTP/1.0" 200 4651
[09/Oct/2025 18:50:02] "GET /api/schema/ HTTP/1.0" 200 29479
[09/Oct/2025 18:50:56] "GET / HTTP/1.0" 200 734
[09/Oct/2025 18:50:57] "GET /api/schema/ HTTP/1.0" 200 13686
[09/Oct/2025 18:51:03] "GET /api/docs/ HTTP/1.0" 200 4651
[09/Oct/2025 18:51:03] "GET /api/schema/ HTTP/1.0" 200 29479
Method Not Allowed: /api/auth/recovery
[09/Oct/2025 18:51:06] "GET /api/auth/recovery HTTP/1.0" 405 7287
[09/Oct/2025 18:51:07] "GET /static/rest_framework/css/default.css HTTP/1.0" 200 1152
[09/Oct/2025 18:51:07] "GET /static/rest_framework/css/prettify.css HTTP/1.0" 200 817
[09/Oct/2025 18:51:07] "GET /static/rest_framework/js/load-ajax-form.js HTTP/1.0" 200 59
[09/Oct/2025 18:51:07] "GET /static/rest_framework/js/ajax-form.js HTTP/1.0" 200 3796
[09/Oct/2025 18:51:07] "GET /static/rest_framework/js/csrf.js HTTP/1.0" 200 1793
[09/Oct/2025 18:51:07] "GET /static/rest_framework/css/bootstrap-tweaks.css HTTP/1.0" 200 3426
[09/Oct/2025 18:51:07] "GET /static/rest_framework/js/bootstrap.min.js HTTP/1.0" 200 39680
[09/Oct/2025 18:51:07] "GET /static/rest_framework/js/prettify-min.js HTTP/1.0" 200 13632
[09/Oct/2025 18:51:07] "GET /static/rest_framework/js/default.js HTTP/1.0" 200 1268
[09/Oct/2025 18:51:07] "GET /static/rest_framework/css/bootstrap.min.css HTTP/1.0" 200 121457
[09/Oct/2025 18:51:07] "GET /static/rest_framework/js/jquery-3.7.1.min.js HTTP/1.0" 200 87533
[09/Oct/2025 18:51:07] "GET /static/rest_framework/img/grid.png HTTP/1.0" 200 1458
[09/Oct/2025 18:51:41] "GET /api/docs/ HTTP/1.0" 200 4651
Not Found: /api/doc
[09/Oct/2025 18:51:43] "GET /api/doc HTTP/1.0" 404 2853
Not Found: /api/d
[09/Oct/2025 18:51:43] "GET /api/d HTTP/1.0" 404 2847
Not Found: /ap
[09/Oct/2025 18:51:44] "GET /ap HTTP/1.0" 404 2838
Method Not Allowed: /api/auth/register
[09/Oct/2025 19:00:25] "GET /api/auth/register HTTP/1.0" 405 8718
Bad Request: /api/auth/register
[09/Oct/2025 19:01:42] "POST /api/auth/register HTTP/1.0" 400 161
[09/Oct/2025 19:02:17] "GET /api/docs/ HTTP/1.0" 200 4651
[09/Oct/2025 19:02:19] "GET /api/schema/ HTTP/1.0" 200 29479
Not Found: /api/auth/loign
[09/Oct/2025 19:02:32] "GET /api/auth/loign HTTP/1.0" 404 4695
Method Not Allowed: /api/auth/login
[09/Oct/2025 19:02:34] "GET /api/auth/login HTTP/1.0" 405 7651
Method Not Allowed: /api/auth/login
[09/Oct/2025 19:02:35] "GET /api/auth/login HTTP/1.0" 405 7651
Bad Request: /api/auth/register
[09/Oct/2025 19:02:36] "POST /api/auth/register HTTP/1.0" 400 31
[09/Oct/2025 19:02:51] "POST /api/auth/login HTTP/1.0" 200 8575
[09/Oct/2025 19:03:11] "POST /api/auth/login-legacy HTTP/1.0" 200 661
